---
source: tests/notebook_test.rs
expression: output.stdout.to_str().unwrap()
---
